PS C:\Users\justi> minikube status
minikube
type: Control Plane
host: Running
kubelet: Running
apiserver: Running
kubeconfig: Configured

PS C:\Users\justi> minikube stop
âœ‹  Stopping node "minikube"  ...
ğŸ›‘  Powering off "minikube" via SSH ...
ğŸ›‘  1 node stopped.
PS C:\Users\justi> minikube status
minikube
type: Control Plane
host: Stopped
kubelet: Stopped
apiserver: Stopped
kubeconfig: Stopped

PS C:\Users\justi> minikube profile list
|----------|-----------|---------|--------------|------|---------|---------|-------|----------------|--------------------|
| Profile  | VM Driver | Runtime |      IP      | Port | Version | Status  | Nodes | Active Profile | Active Kubecontext |
|----------|-----------|---------|--------------|------|---------|---------|-------|----------------|--------------------|
| minikube | docker    | docker  | 192.168.49.2 | 8443 | v1.30.0 | Stopped |     1 | *              |                    |
|----------|-----------|---------|--------------|------|---------|---------|-------|----------------|--------------------|
PS C:\Users\justi> minikube start --driver=docker -n 2 \
ğŸ˜„  minikube v1.33.1 on Microsoft Windows 11 Home Single Language 10.0.22631.4037 Build 22631.4037
âœ¨  Using the docker driver based on existing profile
â—  You cannot change the number of nodes for an existing minikube cluster. Please use 'minikube node add' to add nodes to an existing cluster.
ğŸ‘  Starting "minikube" primary control-plane node in "minikube" cluster
ğŸšœ  Pulling base image v0.0.44 ...
ğŸ”„  Restarting existing docker container for "minikube" ...
PS C:\Users\justi> minikube profile
minikube
PS C:\Users\justi> minikube profile list
|----------|-----------|---------|--------------|------|---------|---------|-------|----------------|--------------------|
| Profile  | VM Driver | Runtime |      IP      | Port | Version | Status  | Nodes | Active Profile | Active Kubecontext |
|----------|-----------|---------|--------------|------|---------|---------|-------|----------------|--------------------|
| minikube | docker    | docker  | 192.168.49.2 | 8443 | v1.30.0 | Stopped |     1 | *              |                    |
|----------|-----------|---------|--------------|------|---------|---------|-------|----------------|--------------------|
PS C:\Users\justi> minikube start --driver=docker -n 2 --container-runtime=cri-o --kubernetes-version=v1.27.12 -p minidock
ğŸ˜„  [minidock] minikube v1.33.1 on Microsoft Windows 11 Home Single Language 10.0.22631.4037 Build 22631.4037
âœ¨  Using the docker driver based on user configuration
ğŸ“Œ  Using Docker Desktop driver with root privileges
ğŸ‘  Starting "minidock" primary control-plane node in "minidock" cluster
ğŸšœ  Pulling base image v0.0.44 ...
ğŸ’¾  Downloading Kubernetes v1.27.12 preload ...
    > preloaded-images-k8s-v18-v1...:  372.28 MiB / 372.28 MiB  100.00% 12.31 M
ğŸ”¥  Creating docker container (CPUs=2, Memory=2200MB) ...
ğŸ  Preparing Kubernetes v1.27.12 on CRI-O 1.24.6 ...
    â–ª Generating certificates and keys ...
    â–ª Booting up control plane ...
    â–ª Configuring RBAC rules ...
ğŸ”—  Configuring CNI (Container Networking Interface) ...
ğŸ”  Verifying Kubernetes components...
    â–ª Using image gcr.io/k8s-minikube/storage-provisioner:v5
ğŸŒŸ  Enabled addons: storage-provisioner, default-storageclass

ğŸ‘  Starting "minidock-m02" worker node in "minidock" cluster
ğŸšœ  Pulling base image v0.0.44 ...
ğŸ”¥  Creating docker container (CPUs=2, Memory=2200MB) ...
ğŸŒ  Found network options:
    â–ª NO_PROXY=192.168.58.2
    â–ª NO_PROXY=192.168.58.2
ğŸ  Preparing Kubernetes v1.27.12 on CRI-O 1.24.6 ...
    â–ª env NO_PROXY=192.168.58.2
ğŸ”  Verifying Kubernetes components...

â—  C:\Program Files\Docker\Docker\resources\bin\kubectl.exe is version 1.30.2, which may have incompatibilities with Kubernetes 1.27.12.
    â–ª Want kubectl v1.27.12? Try 'minikube kubectl -- get pods -A'
ğŸ„  Done! kubectl is now configured to use "minidock" cluster and "default" namespace by default
PS C:\Users\justi> minikube profile list
|----------|-----------|---------|--------------|------|----------|---------|-------|----------------|--------------------|
| Profile  | VM Driver | Runtime |      IP      | Port | Version  | Status  | Nodes | Active Profile | Active Kubecontext |
|----------|-----------|---------|--------------|------|----------|---------|-------|----------------|--------------------|
| minidock | docker    | crio    | 192.168.58.2 | 8443 | v1.27.12 | Running |     2 |                | *                  |
| minikube | docker    | docker  | 192.168.49.2 | 8443 | v1.30.0  | Stopped |     1 | *              |                    |
|----------|-----------|---------|--------------|------|----------|---------|-------|----------------|--------------------|
PS C:\Users\justi> miikube profile minidock
miikube : The term 'miikube' is not recognized as the name of a cmdlet, function, script file, or operable program. Check the
spelling of the name, or if a path was included, verify that the path is correct and try again.
At line:1 char:1
+ miikube profile minidock
+ ~~~~~~~
    + CategoryInfo          : ObjectNotFound: (miikube:String) [], CommandNotFoundException
    + FullyQualifiedErrorId : CommandNotFoundException

PS C:\Users\justi> minikube profile minidock
âœ…  minikube profile was successfully set to minidock
PS C:\Users\justi> minikube profile list
|----------|-----------|---------|--------------|------|----------|---------|-------|----------------|--------------------|
| Profile  | VM Driver | Runtime |      IP      | Port | Version  | Status  | Nodes | Active Profile | Active Kubecontext |
|----------|-----------|---------|--------------|------|----------|---------|-------|----------------|--------------------|
| minidock | docker    | crio    | 192.168.58.2 | 8443 | v1.27.12 | Running |     2 | *              | *                  |
| minikube | docker    | docker  | 192.168.49.2 | 8443 | v1.30.0  | Stopped |     1 |                |                    |
|----------|-----------|---------|--------------|------|----------|---------|-------|----------------|--------------------|
PS C:\Users\justi> docker ps
CONTAINER ID   IMAGE                                 COMMAND                  CREATED              STATUS              PORTS                                                                                                                                  NAMES
00e21b85177e   gcr.io/k8s-minikube/kicbase:v0.0.44   "/usr/local/bin/entrâ€¦"   About a minute ago   Up About a minute   127.0.0.1:51917->22/tcp, 127.0.0.1:51918->2376/tcp, 127.0.0.1:51920->5000/tcp, 127.0.0.1:51921->8443/tcp, 127.0.0.1:51919->32443/tcp   minidock-m02
f78754090e6f   gcr.io/k8s-minikube/kicbase:v0.0.44   "/usr/local/bin/entrâ€¦"   About a minute ago   Up About a minute   127.0.0.1:51892->22/tcp, 127.0.0.1:51893->2376/tcp, 127.0.0.1:51895->5000/tcp, 127.0.0.1:51896->8443/tcp, 127.0.0.1:51894->32443/tcp   minidock
411b147ec594   gcr.io/k8s-minikube/kicbase:v0.0.44   "/usr/local/bin/entrâ€¦"   11 minutes ago       Up 3 minutes        127.0.0.1:51860->22/tcp, 127.0.0.1:51861->2376/tcp, 127.0.0.1:51863->5000/tcp, 127.0.0.1:51859->8443/tcp, 127.0.0.1:51862->32443/tcp   minikube
PS C:\Users\justi> minikube delete
ğŸ”¥  Deleting "minidock" in docker ...
ğŸ”¥  Deleting container "minidock" ...
ğŸ”¥  Deleting container "minidock-m02" ...
ğŸ”¥  Removing C:\Users\justi\.minikube\machines\minidock ...
ğŸ”¥  Removing C:\Users\justi\.minikube\machines\minidock-m02 ...
ğŸ’€  Removed all traces of the "minidock" cluster.
PS C:\Users\justi> minikube profile list
|----------|-----------|---------|--------------|------|---------|---------|-------|----------------|--------------------|
| Profile  | VM Driver | Runtime |      IP      | Port | Version | Status  | Nodes | Active Profile | Active Kubecontext |
|----------|-----------|---------|--------------|------|---------|---------|-------|----------------|--------------------|
| minikube | docker    | docker  | 192.168.49.2 | 8443 | v1.30.0 | Stopped |     1 | *              |                    |
|----------|-----------|---------|--------------|------|---------|---------|-------|----------------|--------------------|
PS C:\Users\justi> minikube delete -p minikube
ğŸ”¥  Deleting "minikube" in docker ...
ğŸ”¥  Deleting container "minikube" ...
ğŸ”¥  Removing C:\Users\justi\.minikube\machines\minikube ...
ğŸ’€  Removed all traces of the "minikube" cluster.
PS C:\Users\justi> docker ps
CONTAINER ID   IMAGE     COMMAND   CREATED   STATUS    PORTS     NAMES
PS C:\Users\justi> minikube profile list

ğŸ¤¹  Exiting due to MK_USAGE_NO_PROFILE: No minikube profile was found.
ğŸ’¡  Suggestion:

    You can create one using 'minikube start'.